// Jest Snapshot v1, https://goo.gl/fbAQLP

exports[`Popup Should mount the Popup 1`] = `
<div
  className="MuiPaper-root MuiPaper-elevation MuiPaper-rounded MuiPaper-elevation1 MuiCard-root makeStyles-container-1 css-2f4h8i-MuiPaper-root-MuiCard-root"
>
  <div
    className="makeStyles-header-3 MuiBox-root css-1l4w6pd"
  >
    <a
      rel="noreferrer"
      target="_blank"
    >
      <img
        className="makeStyles-img-5"
        src="/ycai-logo.svg"
      />
    </a>
  </div>
  <div
    className="MuiPaper-root MuiPaper-elevation MuiPaper-elevation0 MuiAlert-root MuiAlert-standardInfo MuiAlert-standard css-1if5c1q-MuiPaper-root-MuiAlert-root"
    role="alert"
  >
    <div
      className="MuiAlert-icon css-1ytlwq5-MuiAlert-icon"
    >
      <svg
        aria-hidden={true}
        className="MuiSvgIcon-root MuiSvgIcon-fontSizeInherit css-1vooibu-MuiSvgIcon-root"
        data-testid="InfoOutlinedIcon"
        focusable="false"
        viewBox="0 0 24 24"
      >
        <path
          d="M11,9H13V7H11M12,20C7.59,20 4,16.41 4,12C4,7.59 7.59,4 12,4C16.41,4 20,7.59 20, 12C20,16.41 16.41,20 12,20M12,2A10,10 0 0,0 2,12A10,10 0 0,0 12,22A10,10 0 0,0 22,12A10, 10 0 0,0 12,2M11,17H13V11H11V17Z"
        />
      </svg>
    </div>
    <div
      className="MuiAlert-message css-acap47-MuiAlert-message"
    >
      <div
        className="MuiTypography-root MuiTypography-body1 MuiTypography-gutterBottom MuiAlertTitle-root css-1ce4ebh-MuiTypography-root-MuiAlertTitle-root"
      >
        Loading settings...
      </div>
      <strong>
        Access
         
        <a
          href="https://www.youtube.com"
          rel="noreferrer"
          target="_blank"
        >
          youtube.com
        </a>
        .
      </strong>
    </div>
  </div>
</div>
`;
